
> supercampus-web-workspace@0.1.0 dev
> npm run dev --workspace @supercampus/platform


> @supercampus/platform@0.1.0 dev
> next dev

▲ Next.js 16.2.11 (Turbopack)
- Local:         http://localhost:3000
- Network:       http://192.168.56.1:3000
- Environments: .env.local
✓ Ready in 5.7s

 GET / 200 in 3.0s (next.js: 2.8s, application-code: 284ms)
 GET / 200 in 109ms (next.js: 15ms, application-code: 95ms)
 GET /dashboard/admissions 500 in 1336ms (next.js: 1137ms, application-code: 199ms)
 GET /dashboard/admissions 200 in 529ms (next.js: 231ms, application-code: 299ms)
 GET /dashboard/admissions 200 in 81ms (next.js: 10ms, application-code: 71ms)
 GET / 200 in 180ms (next.js: 49ms, application-code: 131ms)
 GET /dashboard/admissions 200 in 103ms (next.js: 13ms, application-code: 90ms)
 GET /dashboard/application-desk 200 in 2.0s (next.js: 1927ms, application-code: 98ms)
 GET /dashboard/admissions 200 in 114ms (next.js: 16ms, application-code: 98ms)
 GET /dashboard/admissions 200 in 67ms (next.js: 9ms, application-code: 58ms)
 GET /dashboard/application-desk 200 in 61ms (next.js: 9ms, application-code: 52ms)
 GET /dashboard/admissions 200 in 73ms (next.js: 9ms, application-code: 63ms)
 GET /dashboard/admissions 200 in 93ms (next.js: 9ms, application-code: 84ms)
 GET /dashboard/admissions 200 in 161ms (next.js: 9ms, application-code: 152ms)
 GET /dashboard/admissions 200 in 104ms (next.js: 13ms, application-code: 92ms)
✓ Compiled in 177ms
 GET / 200 in 514ms (next.js: 58ms, application-code: 456ms)
 GET /dashboard/admissions 200 in 358ms (next.js: 168ms, application-code: 190ms)
 GET /dashboard/admissions 200 in 132ms (next.js: 14ms, application-code: 117ms)
✓ Compiled in 845ms
 GET / 200 in 368ms (next.js: 131ms, application-code: 238ms)
 GET /dashboard/admissions 200 in 371ms (next.js: 302ms, application-code: 69ms)
 GET /dashboard/admissions 200 in 244ms (next.js: 12ms, application-code: 232ms)
 GET /dashboard/admissions 200 in 98ms (next.js: 12ms, application-code: 86ms)
 GET /dashboard/admissions 200 in 102ms (next.js: 9ms, application-code: 93ms)
 GET / 200 in 98ms (next.js: 10ms, application-code: 88ms)
 GET /dashboard/admissions 200 in 100ms (next.js: 36ms, application-code: 64ms)
 GET /dashboard/admissions 200 in 124ms (next.js: 10ms, application-code: 113ms)
 GET / 200 in 74ms (next.js: 27ms, application-code: 47ms)
✓ Compiled in 121ms
 GET / 200 in 95ms (next.js: 48ms, application-code: 47ms)
 GET /dashboard/admissions 200 in 325ms (next.js: 132ms, application-code: 194ms)
 GET /dashboard/admissions 200 in 325ms (next.js: 188ms, application-code: 137ms)
✓ Compiled in 685ms
 GET / 200 in 267ms (next.js: 220ms, application-code: 47ms)
 GET /dashboard/admissions 200 in 271ms (next.js: 117ms, application-code: 155ms)
 GET /dashboard/admissions 200 in 272ms (next.js: 168ms, application-code: 104ms)
 GET /dashboard/admissions 200 in 258ms (next.js: 9ms, application-code: 249ms)
 GET / 200 in 102ms (next.js: 8ms, application-code: 94ms)
 GET /dashboard/admissions 200 in 78ms (next.js: 10ms, application-code: 68ms)
✓ Compiled in 410ms
 GET / 200 in 420ms (next.js: 114ms, application-code: 306ms)
 GET /dashboard/admissions 200 in 420ms (next.js: 312ms, application-code: 108ms)
 GET / 200 in 51ms (next.js: 9ms, application-code: 42ms)
 GET /dashboard/admissions 200 in 213ms (next.js: 9ms, application-code: 204ms)
 GET / 200 in 89ms (next.js: 10ms, application-code: 79ms)
 GET /dashboard/admissions 200 in 85ms (next.js: 9ms, application-code: 75ms)
✓ Compiled in 246ms
 GET / 200 in 838ms (next.js: 787ms, application-code: 51ms)
 GET /dashboard/admissions 200 in 848ms (next.js: 568ms, application-code: 280ms)
✓ Compiled in 261ms
 GET / 200 in 176ms (next.js: 80ms, application-code: 96ms)
 GET /dashboard/admissions 200 in 177ms (next.js: 135ms, application-code: 42ms)
✓ Compiled in 578ms
 GET / 200 in 259ms (next.js: 93ms, application-code: 166ms)
 GET /dashboard/admissions 200 in 259ms (next.js: 210ms, application-code: 49ms)
✓ Compiled in 399ms
 GET / 200 in 271ms (next.js: 108ms, application-code: 163ms)
 GET /dashboard/admissions 200 in 270ms (next.js: 211ms, application-code: 59ms)
 GET / 200 in 155ms (next.js: 102ms, application-code: 53ms)
✓ Compiled in 1225ms
 GET /dashboard/admissions 200 in 1381ms (next.js: 914ms, application-code: 467ms)
 GET / 200 in 361ms (next.js: 93ms, application-code: 268ms)
 GET /dashboard/admissions 200 in 244ms (next.js: 15ms, application-code: 229ms)
 GET / 200 in 204ms (next.js: 9ms, application-code: 195ms)
 GET /dashboard/admissions 200 in 178ms (next.js: 13ms, application-code: 166ms)
 GET /dashboard/admissions 200 in 179ms (next.js: 40ms, application-code: 139ms)
 GET /dashboard/admissions 200 in 180ms (next.js: 72ms, application-code: 108ms)
 GET / 200 in 83ms (next.js: 8ms, application-code: 75ms)
 GET / 200 in 84ms (next.js: 34ms, application-code: 50ms)
✓ Compiled in 223ms
 GET / 200 in 257ms (next.js: 86ms, application-code: 171ms)
 GET /dashboard/admissions 200 in 259ms (next.js: 197ms, application-code: 62ms)
✓ Compiled in 502ms
 GET / 200 in 162ms (next.js: 120ms, application-code: 42ms)
✓ Compiled in 98ms
 GET / 200 in 116ms (next.js: 80ms, application-code: 36ms)
✓ Compiled in 133ms
 GET / 200 in 154ms (next.js: 89ms, application-code: 65ms)
 GET / 200 in 28ms (next.js: 7ms, application-code: 22ms)
 GET / 200 in 445ms (next.js: 9ms, application-code: 435ms)
 GET /dashboard/admissions 200 in 357ms (next.js: 105ms, application-code: 252ms)
 GET /dashboard/admissions 200 in 61ms (next.js: 7ms, application-code: 53ms)
✓ Compiled in 115ms
 GET /dashboard/admissions 200 in 131ms (next.js: 90ms, application-code: 41ms)
 GET /dashboard/admissions 200 in 143ms (next.js: 6ms, application-code: 137ms)
✓ Compiled in 249ms
 GET /dashboard/admissions 200 in 141ms (next.js: 79ms, application-code: 63ms)
✓ Compiled in 52ms
 GET /dashboard/admissions 200 in 224ms (next.js: 113ms, application-code: 111ms)
 GET /dashboard/admissions 200 in 52ms (next.js: 8ms, application-code: 43ms)
✓ Compiled in 83ms
 GET /dashboard/admissions 200 in 157ms (next.js: 77ms, application-code: 79ms)
 GET /dashboard/admissions 200 in 167ms (next.js: 7ms, application-code: 160ms)
 GET /dashboard/admissions 200 in 58ms (next.js: 7ms, application-code: 52ms)
 GET /dashboard/admissions 200 in 69ms (next.js: 9ms, application-code: 59ms)
✓ Compiled in 149ms
 GET /dashboard/admissions 200 in 401ms (next.js: 106ms, application-code: 295ms)
 GET /dashboard/admissions 200 in 402ms (next.js: 155ms, application-code: 246ms)
 GET /dashboard/admissions 200 in 234ms (next.js: 22ms, application-code: 213ms)
 GET /dashboard/admissions 200 in 164ms (next.js: 21ms, application-code: 143ms)
 GET /dashboard/admissions 200 in 98ms (next.js: 13ms, application-code: 85ms)
 GET /dashboard/admissions 200 in 95ms (next.js: 59ms, application-code: 36ms)
✓ Compiled in 570ms
 GET /dashboard/admissions 200 in 520ms (next.js: 229ms, application-code: 291ms)
 GET /dashboard/admissions 200 in 523ms (next.js: 185ms, application-code: 338ms)
 GET /dashboard/admissions 200 in 244ms (next.js: 130ms, application-code: 114ms)
 GET /dashboard/admissions 200 in 247ms (next.js: 87ms, application-code: 160ms)
 GET /dashboard/admissions 200 in 85ms (next.js: 7ms, application-code: 78ms)
 GET /dashboard/admissions 200 in 52ms (next.js: 7ms, application-code: 45ms)
✓ Compiled in 440ms
 GET /dashboard/admissions 200 in 482ms (next.js: 135ms, application-code: 347ms)
 GET /dashboard/admissions 200 in 483ms (next.js: 187ms, application-code: 295ms)
 GET /dashboard/admissions 200 in 266ms (next.js: 15ms, application-code: 251ms)
 GET /dashboard/admissions 200 in 218ms (next.js: 15ms, application-code: 203ms)
 GET /dashboard/admissions 200 in 178ms (next.js: 14ms, application-code: 164ms)
 GET /dashboard/admissions 200 in 183ms (next.js: 47ms, application-code: 135ms)
 GET /dashboard/admissions 200 in 182ms (next.js: 83ms, application-code: 99ms)
 GET /dashboard/admissions 200 in 109ms (next.js: 55ms, application-code: 54ms)
✓ Compiled in 355ms
 GET /dashboard/admissions 200 in 182ms (next.js: 149ms, application-code: 33ms)
 GET /dashboard/admissions 200 in 183ms (next.js: 107ms, application-code: 77ms)
✓ Compiled in 327ms
 GET /dashboard/admissions 200 in 195ms (next.js: 121ms, application-code: 75ms)
 GET /dashboard/admissions 200 in 194ms (next.js: 159ms, application-code: 35ms)
✓ Compiled in 357ms
 GET /dashboard/admissions 200 in 216ms (next.js: 103ms, application-code: 113ms)
 GET /dashboard/admissions 200 in 219ms (next.js: 154ms, application-code: 65ms)
✓ Compiled in 233ms
 GET /dashboard/admissions 200 in 205ms (next.js: 104ms, application-code: 102ms)
 GET /dashboard/admissions 200 in 206ms (next.js: 153ms, application-code: 53ms)
 GET /dashboard/admissions 200 in 70ms (next.js: 6ms, application-code: 64ms)
 GET /dashboard/admissions 200 in 40ms (next.js: 6ms, application-code: 35ms)
 GET /dashboard/admissions 200 in 234ms (next.js: 18ms, application-code: 216ms)
✓ Compiled in 290ms
 GET /dashboard/admissions 200 in 275ms (next.js: 123ms, application-code: 152ms)
 GET /dashboard/admissions 200 in 275ms (next.js: 173ms, application-code: 103ms)
 GET /dashboard/admissions 200 in 53ms (next.js: 8ms, application-code: 45ms)
 GET /dashboard/admissions 200 in 43ms (next.js: 8ms, application-code: 35ms)
 GET /dashboard/admissions 200 in 33ms (next.js: 6ms, application-code: 27ms)
 GET /dashboard/admissions 200 in 43ms (next.js: 11ms, application-code: 32ms)
 GET /dashboard/admissions 200 in 224ms (next.js: 8ms, application-code: 216ms)
✓ Compiled in 88ms
 GET /dashboard/admissions 200 in 279ms (next.js: 102ms, application-code: 177ms)
 GET /dashboard/admissions 200 in 124ms (next.js: 14ms, application-code: 110ms)
 GET /dashboard/admissions 200 in 120ms (next.js: 67ms, application-code: 53ms)
✓ Compiled in 567ms
 GET /dashboard/admissions 200 in 990ms (next.js: 452ms, application-code: 538ms)
 GET /dashboard/admissions 200 in 992ms (next.js: 506ms, application-code: 487ms)
 GET /dashboard/admissions 200 in 435ms (next.js: 19ms, application-code: 416ms)
 GET /dashboard/admissions 200 in 435ms (next.js: 65ms, application-code: 370ms)
 GET /dashboard/admissions 200 in 408ms (next.js: 14ms, application-code: 394ms)
 GET /dashboard/admissions 200 in 410ms (next.js: 56ms, application-code: 354ms)
 GET /dashboard/admissions 200 in 410ms (next.js: 138ms, application-code: 272ms)
 GET /dashboard/admissions 200 in 412ms (next.js: 96ms, application-code: 316ms)
 GET /dashboard/admissions 200 in 451ms (next.js: 180ms, application-code: 271ms)
 GET /dashboard/admissions 200 in 451ms (next.js: 219ms, application-code: 233ms)
 GET /dashboard/admissions 200 in 452ms (next.js: 261ms, application-code: 191ms)
 GET /dashboard/admissions 200 in 323ms (next.js: 12ms, application-code: 311ms)
 GET /dashboard/admissions 200 in 325ms (next.js: 49ms, application-code: 276ms)
 GET /dashboard/admissions 200 in 241ms (next.js: 15ms, application-code: 226ms)
 GET /dashboard/admissions 200 in 190ms (next.js: 11ms, application-code: 179ms)
 GET /dashboard/admissions 200 in 190ms (next.js: 61ms, application-code: 129ms)
 GET /dashboard/admissions 200 in 192ms (next.js: 100ms, application-code: 92ms)
 GET /dashboard/admissions 200 in 195ms (next.js: 136ms, application-code: 58ms)
✓ Compiled in 95ms
 GET /dashboard/admissions 200 in 254ms (next.js: 120ms, application-code: 133ms)
 GET /dashboard/admissions 200 in 258ms (next.js: 172ms, application-code: 86ms)
 GET /dashboard/admissions 200 in 51ms (next.js: 8ms, application-code: 43ms)
 GET /dashboard/admissions 200 in 245ms (next.js: 10ms, application-code: 235ms)
 GET / 200 in 107ms (next.js: 30ms, application-code: 77ms)
✓ Compiled in 121ms
 GET / 200 in 332ms (next.js: 235ms, application-code: 97ms)
 GET /dashboard/admissions 200 in 335ms (next.js: 147ms, application-code: 188ms)
 GET /dashboard/admissions 200 in 61ms (next.js: 10ms, application-code: 51ms)
✓ Compiled in 107ms
 GET /dashboard/admissions 200 in 304ms (next.js: 121ms, application-code: 183ms)
 GET /dashboard/admissions 200 in 305ms (next.js: 176ms, application-code: 129ms)
 GET /dashboard/admissions 200 in 90ms (next.js: 14ms, application-code: 75ms)
✓ Compiled in 457ms
 GET /dashboard/admissions 200 in 544ms (next.js: 166ms, application-code: 378ms)
 GET /dashboard/admissions 200 in 543ms (next.js: 229ms, application-code: 314ms)
 GET /dashboard/admissions 200 in 283ms (next.js: 8ms, application-code: 274ms)
 GET /dashboard/admissions 200 in 287ms (next.js: 11ms, application-code: 276ms)
 GET /dashboard/admissions 200 in 246ms (next.js: 10ms, application-code: 237ms)
 GET /dashboard/admissions 200 in 247ms (next.js: 45ms, application-code: 202ms)
 GET /dashboard/admissions 200 in 247ms (next.js: 78ms, application-code: 169ms)
 GET /dashboard/admissions 200 in 141ms (next.js: 12ms, application-code: 129ms)
 GET /dashboard/admissions 200 in 68ms (next.js: 9ms, application-code: 59ms)
✓ Compiled in 99ms
 GET /dashboard/admissions 200 in 246ms (next.js: 96ms, application-code: 150ms)
 GET /dashboard/admissions 200 in 249ms (next.js: 159ms, application-code: 89ms)
 GET /dashboard/admissions 200 in 49ms (next.js: 7ms, application-code: 42ms)
 GET / 200 in 137ms (next.js: 26ms, application-code: 111ms)
✓ Compiled in 103ms
 GET /dashboard/admissions 200 in 248ms (next.js: 85ms, application-code: 163ms)
 GET / 200 in 73ms (next.js: 22ms, application-code: 51ms)
 GET /dashboard/admissions 200 in 251ms (next.js: 140ms, application-code: 111ms)
✓ Compiled in 374ms
 GET / 200 in 783ms (next.js: 119ms, application-code: 665ms)
 GET /dashboard/admissions 200 in 857ms (next.js: 352ms, application-code: 505ms)
 GET /dashboard/admissions 200 in 859ms (next.js: 301ms, application-code: 558ms)
 GET / 200 in 436ms (next.js: 106ms, application-code: 330ms)
 GET /dashboard/admissions 200 in 479ms (next.js: 166ms, application-code: 313ms)
 GET /dashboard/admissions 200 in 479ms (next.js: 205ms, application-code: 275ms)
 GET /dashboard/admissions 200 in 357ms (next.js: 9ms, application-code: 348ms)
 GET /dashboard/admissions 200 in 357ms (next.js: 46ms, application-code: 311ms)
 GET /dashboard/admissions 200 in 358ms (next.js: 85ms, application-code: 273ms)
 GET / 200 in 241ms (next.js: 7ms, application-code: 234ms)
 GET / 200 in 212ms (next.js: 9ms, application-code: 203ms)
 GET / 200 in 177ms (next.js: 9ms, application-code: 167ms)
 GET /dashboard/admissions 200 in 134ms (next.js: 10ms, application-code: 124ms)
 GET /dashboard/admissions 200 in 132ms (next.js: 49ms, application-code: 84ms)
 GET /dashboard/admissions 200 in 93ms (next.js: 46ms, application-code: 47ms)
✓ Compiled in 93ms
 GET / 200 in 327ms (next.js: 91ms, application-code: 235ms)
 GET /dashboard/admissions 200 in 328ms (next.js: 227ms, application-code: 101ms)
 GET /dashboard/admissions 200 in 329ms (next.js: 289ms, application-code: 40ms)
 GET /dashboard/admissions 200 in 440ms (next.js: 8ms, application-code: 432ms)
 GET / 200 in 90ms (next.js: 7ms, application-code: 83ms)
 GET /dashboard/admissions 200 in 64ms (next.js: 7ms, application-code: 57ms)
✓ Compiled in 86ms
 GET / 200 in 317ms (next.js: 99ms, application-code: 218ms)
 GET /dashboard/admissions 200 in 318ms (next.js: 224ms, application-code: 93ms)
 GET /dashboard/admissions 200 in 319ms (next.js: 272ms, application-code: 46ms)
 GET /dashboard/admissions 200 in 150ms (next.js: 8ms, application-code: 142ms)
 GET / 200 in 54ms (next.js: 7ms, application-code: 48ms)
 GET / 200 in 34ms (next.js: 6ms, application-code: 29ms)
 GET / 200 in 37ms (next.js: 6ms, application-code: 32ms)
 GET /dashboard/admissions 200 in 54ms (next.js: 8ms, application-code: 46ms)
✓ Compiled in 80ms
 GET / 200 in 273ms (next.js: 83ms, application-code: 191ms)
 GET /dashboard/admissions 200 in 275ms (next.js: 183ms, application-code: 91ms)
 GET /dashboard/admissions 200 in 275ms (next.js: 219ms, application-code: 57ms)
 GET /dashboard/admissions 200 in 33ms (next.js: 6ms, application-code: 27ms)
 GET /dashboard/admissions 200 in 136ms (next.js: 7ms, application-code: 129ms)
 GET /dashboard/admissions 200 in 52ms (next.js: 6ms, application-code: 46ms)
✓ Compiled in 706ms
 GET / 200 in 296ms (next.js: 94ms, application-code: 202ms)
 GET /dashboard/admissions 200 in 297ms (next.js: 196ms, application-code: 101ms)
 GET /dashboard/admissions 200 in 299ms (next.js: 231ms, application-code: 68ms)
 GET /dashboard/admissions 200 in 32ms (next.js: 7ms, application-code: 24ms)
 GET / 200 in 211ms (next.js: 108ms, application-code: 103ms)
 GET / 200 in 50ms (next.js: 14ms, application-code: 36ms)
✓ Compiled in 467ms
 GET /dashboard/admissions 200 in 861ms (next.js: 327ms, application-code: 535ms)
 GET /dashboard/admissions 200 in 861ms (next.js: 362ms, application-code: 499ms)
 GET / 200 in 277ms (next.js: 35ms, application-code: 242ms)
 GET /dashboard/admissions 200 in 278ms (next.js: 74ms, application-code: 204ms)
 GET /dashboard/admissions 200 in 279ms (next.js: 104ms, application-code: 176ms)
 GET /dashboard/admissions 200 in 150ms (next.js: 8ms, application-code: 142ms)
 GET /dashboard/admissions 200 in 150ms (next.js: 35ms, application-code: 115ms)
 GET /dashboard/admissions 200 in 151ms (next.js: 62ms, application-code: 89ms)
 GET /dashboard/admissions 200 in 151ms (next.js: 90ms, application-code: 62ms)
 GET /dashboard/admissions 200 in 152ms (next.js: 114ms, application-code: 38ms)
 GET /dashboard/admissions 200 in 225ms (next.js: 6ms, application-code: 220ms)
✓ Compiled in 113ms
 GET / 200 in 240ms (next.js: 144ms, application-code: 96ms)
 GET /dashboard/admissions 200 in 244ms (next.js: 93ms, application-code: 150ms)
 GET /dashboard/admissions 200 in 243ms (next.js: 167ms, application-code: 76ms)
 GET /dashboard/admissions 200 in 49ms (next.js: 7ms, application-code: 42ms)
✓ Compiled in 96ms
 GET / 200 in 229ms (next.js: 137ms, application-code: 92ms)
 GET /dashboard/admissions 200 in 235ms (next.js: 85ms, application-code: 149ms)
 GET /dashboard/admissions 200 in 235ms (next.js: 160ms, application-code: 75ms)
 GET /dashboard/admissions 200 in 52ms (next.js: 7ms, application-code: 45ms)
✓ Compiled in 77ms
 GET / 200 in 292ms (next.js: 79ms, application-code: 213ms)
 GET /dashboard/admissions 200 in 293ms (next.js: 197ms, application-code: 96ms)
 GET /dashboard/admissions 200 in 294ms (next.js: 237ms, application-code: 57ms)
 GET /dashboard/admissions 200 in 34ms (next.js: 6ms, application-code: 28ms)
✓ Compiled in 85ms
 GET / 200 in 237ms (next.js: 132ms, application-code: 105ms)
 GET /dashboard/admissions 200 in 240ms (next.js: 85ms, application-code: 155ms)
 GET /dashboard/admissions 200 in 240ms (next.js: 162ms, application-code: 78ms)
 GET /dashboard/admissions 200 in 53ms (next.js: 7ms, application-code: 46ms)
✓ Compiled in 159ms
 GET / 200 in 368ms (next.js: 143ms, application-code: 225ms)
 GET /dashboard/admissions 200 in 374ms (next.js: 91ms, application-code: 284ms)
 GET /dashboard/admissions 200 in 375ms (next.js: 172ms, application-code: 203ms)
 GET / 200 in 257ms (next.js: 38ms, application-code: 219ms)
 GET /dashboard/admissions 200 in 288ms (next.js: 8ms, application-code: 280ms)
 GET /dashboard/admissions 200 in 288ms (next.js: 72ms, application-code: 216ms)
 GET /dashboard/admissions 200 in 188ms (next.js: 8ms, application-code: 181ms)
 GET /dashboard/admissions 200 in 190ms (next.js: 35ms, application-code: 155ms)
 GET / 200 in 128ms (next.js: 36ms, application-code: 92ms)
 GET /dashboard/admissions 200 in 132ms (next.js: 10ms, application-code: 121ms)
 GET /dashboard/admissions 200 in 78ms (next.js: 10ms, application-code: 68ms)
 GET /dashboard/admissions 200 in 46ms (next.js: 10ms, application-code: 37ms)
✓ Compiled in 139ms
 GET / 200 in 424ms (next.js: 81ms, application-code: 342ms)
 GET /dashboard/admissions 200 in 432ms (next.js: 189ms, application-code: 242ms)
 GET /dashboard/admissions 200 in 433ms (next.js: 242ms, application-code: 191ms)
 GET / 200 in 245ms (next.js: 7ms, application-code: 238ms)
 GET /dashboard/admissions 200 in 282ms (next.js: 30ms, application-code: 252ms)
 GET /dashboard/admissions 200 in 283ms (next.js: 58ms, application-code: 225ms)
 GET /dashboard/admissions 200 in 198ms (next.js: 9ms, application-code: 190ms)
 GET /dashboard/admissions 200 in 199ms (next.js: 36ms, application-code: 163ms)
 GET / 200 in 134ms (next.js: 36ms, application-code: 98ms)
 GET /dashboard/admissions 200 in 138ms (next.js: 10ms, application-code: 127ms)
 GET /dashboard/admissions 200 in 84ms (next.js: 13ms, application-code: 71ms)
 GET /dashboard/admissions 200 in 48ms (next.js: 8ms, application-code: 41ms)
✓ Compiled in 76ms
 GET / 200 in 249ms (next.js: 157ms, application-code: 92ms)
 GET /dashboard/admissions 200 in 250ms (next.js: 181ms, application-code: 69ms)
 GET /dashboard/admissions 200 in 253ms (next.js: 104ms, application-code: 149ms)
 GET /dashboard/admissions 200 in 46ms (next.js: 7ms, application-code: 39ms)
✓ Compiled in 75ms
 GET / 200 in 307ms (next.js: 83ms, application-code: 224ms)
 GET /dashboard/admissions 200 in 311ms (next.js: 230ms, application-code: 81ms)
 GET /dashboard/admissions 200 in 312ms (next.js: 195ms, application-code: 117ms)
 GET /dashboard/admissions 200 in 58ms (next.js: 9ms, application-code: 48ms)
✓ Compiled in 85ms
 GET / 200 in 233ms (next.js: 138ms, application-code: 95ms)
 GET /dashboard/admissions 200 in 236ms (next.js: 87ms, application-code: 149ms)
 GET /dashboard/admissions 200 in 236ms (next.js: 162ms, application-code: 73ms)
 GET /dashboard/admissions 200 in 47ms (next.js: 7ms, application-code: 40ms)
 GET /dashboard/admissions 200 in 223ms (next.js: 8ms, application-code: 216ms)
 GET / 200 in 65ms (next.js: 8ms, application-code: 57ms)
 GET / 200 in 34ms (next.js: 6ms, application-code: 28ms)
 GET /dashboard/admissions 200 in 68ms (next.js: 9ms, application-code: 59ms)
 GET / 200 in 47ms (next.js: 7ms, application-code: 40ms)
 GET /dashboard/admissions 200 in 50ms (next.js: 6ms, application-code: 44ms)
 GET / 200 in 193ms (next.js: 145ms, application-code: 48ms)
 GET / 200 in 36ms (next.js: 9ms, application-code: 27ms)
✓ Compiled in 596ms
 GET /dashboard/admissions 200 in 1356ms (next.js: 435ms, application-code: 922ms)
 GET /dashboard/admissions 200 in 1356ms (next.js: 475ms, application-code: 882ms)
 GET / 200 in 340ms (next.js: 41ms, application-code: 299ms)
 GET /dashboard/admissions 200 in 342ms (next.js: 76ms, application-code: 266ms)
 GET /dashboard/admissions 200 in 343ms (next.js: 106ms, application-code: 237ms)
 GET /dashboard/admissions 200 in 199ms (next.js: 46ms, application-code: 153ms)
 GET /dashboard/admissions 200 in 200ms (next.js: 80ms, application-code: 120ms)
 GET /dashboard/admissions 200 in 202ms (next.js: 115ms, application-code: 86ms)
 GET /dashboard/admissions 200 in 203ms (next.js: 152ms, application-code: 50ms)
 GET /dashboard/admissions 200 in 208ms (next.js: 10ms, application-code: 197ms)
✓ Compiled in 246ms
 GET / 200 in 495ms (next.js: 139ms, application-code: 357ms)
 GET /dashboard/admissions 200 in 497ms (next.js: 316ms, application-code: 181ms)
 GET /dashboard/admissions 200 in 498ms (next.js: 376ms, application-code: 121ms)
 GET /dashboard/admissions 200 in 75ms (next.js: 10ms, application-code: 65ms)
 GET /dashboard/admissions 200 in 251ms (next.js: 7ms, application-code: 244ms)
 GET / 200 in 174ms (next.js: 97ms, application-code: 77ms)
 GET / 200 in 42ms (next.js: 7ms, application-code: 35ms)
✓ Compiled in 792ms
 GET /dashboard/admissions 200 in 1187ms (next.js: 584ms, application-code: 603ms)
 GET /dashboard/admissions 200 in 1191ms (next.js: 623ms, application-code: 567ms)
 GET / 200 in 321ms (next.js: 27ms, application-code: 294ms)
 GET /dashboard/admissions 200 in 326ms (next.js: 66ms, application-code: 260ms)
 GET /dashboard/admissions 200 in 327ms (next.js: 94ms, application-code: 233ms)
 GET / 200 in 229ms (next.js: 8ms, application-code: 222ms)
 GET /dashboard/admissions 200 in 258ms (next.js: 55ms, application-code: 203ms)
 GET /dashboard/admissions 200 in 259ms (next.js: 30ms, application-code: 230ms)
 GET /dashboard/admissions 200 in 259ms (next.js: 106ms, application-code: 153ms)
 GET /dashboard/admissions 200 in 260ms (next.js: 81ms, application-code: 180ms)
 GET /dashboard/admissions 200 in 261ms (next.js: 157ms, application-code: 104ms)
 GET /dashboard/admissions 200 in 263ms (next.js: 132ms, application-code: 130ms)
 GET /dashboard/admissions 200 in 114ms (next.js: 9ms, application-code: 105ms)
 GET /dashboard/admissions 200 in 113ms (next.js: 34ms, application-code: 79ms)
 GET / 200 in 58ms (next.js: 14ms, application-code: 45ms)
 GET / 200 in 52ms (next.js: 27ms, application-code: 25ms)
 GET /dashboard/admissions 200 in 250ms (next.js: 6ms, application-code: 244ms)
✓ Compiled in 149ms
 GET / 200 in 446ms (next.js: 101ms, application-code: 346ms)
 GET /dashboard/admissions 200 in 451ms (next.js: 213ms, application-code: 238ms)
 GET /dashboard/admissions 200 in 452ms (next.js: 270ms, application-code: 182ms)
 GET / 200 in 152ms (next.js: 8ms, application-code: 144ms)
 GET /dashboard/admissions 200 in 184ms (next.js: 31ms, application-code: 153ms)
 GET /dashboard/admissions 200 in 134ms (next.js: 9ms, application-code: 125ms)
 GET / 200 in 102ms (next.js: 9ms, application-code: 93ms)
 GET /dashboard/admissions 200 in 101ms (next.js: 30ms, application-code: 71ms)
 GET /dashboard/admissions 200 in 41ms (next.js: 8ms, application-code: 33ms)
 GET / 200 in 108ms (next.js: 7ms, application-code: 101ms)
 GET / 200 in 55ms (next.js: 7ms, application-code: 48ms)
 GET /dashboard/admissions 200 in 115ms (next.js: 8ms, application-code: 107ms)
 GET /dashboard/admissions 200 in 57ms (next.js: 8ms, application-code: 49ms)
 GET /dashboard/admissions 200 in 64ms (next.js: 8ms, application-code: 57ms)
✓ Compiled in 338ms
 GET / 200 in 341ms (next.js: 109ms, application-code: 232ms)
 GET /dashboard/admissions 200 in 341ms (next.js: 270ms, application-code: 71ms)
 GET /dashboard/admissions 200 in 343ms (next.js: 231ms, application-code: 112ms)
 GET /dashboard/admissions 200 in 46ms (next.js: 8ms, application-code: 38ms)
 GET /dashboard/admissions 200 in 326ms (next.js: 7ms, application-code: 319ms)
 GET /dashboard/admissions 200 in 69ms (next.js: 7ms, application-code: 62ms)
 GET /dashboard/admissions 200 in 67ms (next.js: 6ms, application-code: 61ms)
✓ Compiled in 93ms
 GET /dashboard/admissions 200 in 226ms (next.js: 128ms, application-code: 98ms)
 GET /dashboard/admissions 200 in 43ms (next.js: 13ms, application-code: 30ms)
 GET /dashboard/admissions 200 in 32ms (next.js: 7ms, application-code: 24ms)
 GET /dashboard/admissions 200 in 215ms (next.js: 8ms, application-code: 208ms)
 GET /dashboard/admissions 200 in 51ms (next.js: 6ms, application-code: 45ms)
 GET /dashboard/admissions 200 in 69ms (next.js: 12ms, application-code: 57ms)
 GET /dashboard/admissions 200 in 88ms (next.js: 11ms, application-code: 78ms)
✓ Compiled in 82ms
 GET /dashboard/admissions 200 in 240ms (next.js: 168ms, application-code: 72ms)
 GET /dashboard/admissions 200 in 242ms (next.js: 127ms, application-code: 115ms)
 GET /dashboard/admissions 200 in 47ms (next.js: 7ms, application-code: 40ms)
 GET /dashboard/admissions 200 in 227ms (next.js: 7ms, application-code: 221ms)
 GET /dashboard/admissions 200 in 53ms (next.js: 7ms, application-code: 46ms)
